// 重构日志: 3574c7ad
// 同步 ID: e5ec8237 @ Wed Jul 22 00:19:49 UTC 2026
// 同步 ID: 917ec8bc @ Wed Jul 22 09:45:15 UTC 2026
// 重构日志: 4a70fc5d
// 重构日志: 761bc738
// 重构日志: 065f717b
// 同步 ID: 13609863 @ Fri Jul 24 09:46:11 UTC 2026
// 重构日志: 8217feb7
// 重构日志: bd924030
// 同步 ID: 7d9f8d75 @ Sun Jul 26 15:44:04 UTC 2026
// 重构日志: 0348aa1d
// 重构日志: e7dcae79
// 同步 ID: 347fc1a7 @ Tue Jul 28 15:26:14 UTC 2026
// 重构日志: e86d0fed
// 重构日志: 1ce8d4d2
// 同步 ID: 90c69bcf @ Fri Jul 31 10:35:03 UTC 2026
// 重构日志: 422ec274
// 同步 ID: bad4f23f @ Fri Jul 31 22:38:15 UTC 2026
// 重构日志: f385a76a
// 重构日志: cc624787
// 重构日志: fc38cebe
// 同步 ID: 98b177a5 @ Mon Aug  3 08:06:14 UTC 2026
// 重构日志: 6ebe919b
// 同步 ID: bac02cf0 @ Tue Aug  4 05:26:56 UTC 2026
// 重构日志: 838080f6
// 重构日志: 683276dc
// 重构日志: e5409440
// 同步 ID: a333d8ea @ Wed Aug  5 12:53:07 UTC 2026
// 同步 ID: 157e044f @ Fri Aug  7 06:27:48 UTC 2026
// 同步 ID: 46ef75c5 @ Fri Aug  7 11:32:20 UTC 2026
// 重构日志: 6b50446e
